// Jest Snapshot v1, https://goo.gl/fbAQLP

exports[`BackgroundImage matches snapshot 1`] = `
<span
  className="sc-bczRLJ sc-jSMfEi hzVEgG"
  height="3.125rem"
  width="3.125rem"
/>
`;
